python : psutil not installed - memory tracking disabled. Install with: pip install 
psutil
At line:1 char:1
+ python test_sl_regression.py > test_output.txt 2>&1 ; if ($?) { Write ...
+ ~~~~~~~~~~~~~~~~~~~~~~~~~~~~~~~~~~~~~~~~~~~~~~~~~~~
    + CategoryInfo          : NotSpecified: (psutil not inst... install psutil:Stri 
   ng) [], RemoteException
    + FullyQualifiedErrorId : NativeCommandError
 
2025-11-01 17:32:07 INFO root: Logging system initialized with default configuration
2025-11-01 17:32:07 INFO myQuant.core.liveStrategy: SESSION START: Strategy 
initialized: Modular Intraday Long-Only Strategy v3.0
================================================================================
SL REGRESSION UNIT TESTS
================================================================================

================================================================================
TEST 1: Initial State (SL Regression Enabled)
================================================================================
Traceback (most recent call last):
  File "C:\Users\user\projects\PerplexityCombinedTest\test_sl_regression.py", line 
48, in <module>
    print(f"\u2713 sl_regression_enabled: {strategy.sl_regression_enabled}")
    ~~~~~^^^^^^^^^^^^^^^^^^^^^^^^^^^^^^^^^^^^^^^^^^^^^^^^^^^^^^^^^^^^^^
  File "C:\Python313\Lib\encodings\cp1252.py", line 19, in encode
    return codecs.charmap_encode(input,self.errors,encoding_table)[0]
           ~~~~~~~~~~~~~~~~~~~~~^^^^^^^^^^^^^^^^^^^^^^^^^^^^^^^^^^
UnicodeEncodeError: 'charmap' codec can't encode character '\u2713' in position 0: 
character maps to <undefined>
